I
I
117
I
I
I
I
I
I
I
I
I
I
I
I
I
I
I
204
I
I
I
I
I
81
I
I
255
I
I
98
I
I
I
I
I
I
I
I
280
I
I
181
I
I
69
I
I
I
I
I
I
I
I
219
205
301
I
I
I
I
I
I
I
I
I
I
I
I
I
381
I
I
I
I
I
I
I
414
I
I
I
154
I
I
I
I
432
I
I
I
210
I
I
I
I
I
I
I
182
I
I
I
I
I
I
I
I
I
I
I
I
I
I
I
I
I
I
I
I
I
I
I
249
I
I
I
178
I
I
I
I
I
I
I
I
I
I
I
I
I
I
I
I
I
I
I
352
206
I
I
I
I
I
I
I
I
I
I
I
I
382
I
I
I
I
160
I
I
I
U
I
I
I
I
I
I
I
I
I
I
219
I
62
I
I
I
I
I
I
I
I
I
I
I
I
I
I
I
I
I
I
I
I
I
I
I
135
I
I
I
I
I
I
I
I
I
I
I
I
I
I
I
I
I
289
I
I
I
I
317
442
I
162
I
I
I
I
25
I
251
I
I
I
I
I
I
236
I
I
I
I
130
104
I
I
I
I
I
I
I
246
I
I
I
I
I
109
I
I
225
I
432
I
I
I
I
I
I
I
I
I
I
I
196
I
I
221
I
I
I
I
I
I
I
I
I
283
I
341
I
438
I
264
201
421
348
I
I
I
91
I
I
I
I
I
I
I
I
232
I
I
I
I
I
I
I
210
I
I
I
I
I
I
370
I
I
I
I
I
I
185
196
I
I
I
155
I
I
I
I
I
I
I
I
I
I
I
I
I
I
I
I
I
I
I
I
I
I
I
I
I
I
I
I
I
I
202
I
73
I
I
I
I
177
I
I
I
217
79
I
I
I
I
I
I
I
I
I
I
356
I
185
I
I
I
I
I
I
I
327
I
I
208
162
I
239
320
I
333
I
I
I
I
I
I
I
I
250
I
165
210
I
I
I
273
I
70
I
I
145
I
I
285
I
I
I
I
I
352
I
I
I
I
I
I
I
426
I
I
73
I
289
439
I
I
466
I
I
I
I
228
I
I
I
I
I
I
310
I
I
I
I
I
I
I
I
I
I
239
I
I
I
I
I
I
I
I
I
I
I
I
311
I
I
I
I
I
I
I
I
293
I
I
I
I
I
I
I
193
314
I
I
I
I
I
I
I
I
I
228
I
I
I
I
257
I
I
I
203
I
I
I
I
I
237
I
I
I
I
I
I
182
I
I
I
I
433
I
325
I
I
I
I
403
I
I
I
I
I
I
195
I
I
I
I
I
I
I
I
I
110
I
I
I
158
I
206
I
I
I
I
I
237
I
I
I
I
I
372
239
282
427
237
I
I
423
I
I
66
I
I
I
I
I
I
I
I
I
I
I
I
182
I
I
198
124
I
I
I
I
I
I
I
I
I
I
I
I
283
I
90
I
I
I
I
I
232
I
214
I
I
I
146
271
I
I
I
I
241
224
I
I
I
I
I
I
I
I
I
I
I
I
I
I
I
98
I
I
I
I
I
I
I
I
I
I
I
I
I
I
I
I
I
I
153
I
I
I
I
I
I
I
I
I
I
I
I
I
I
I
I
I
I
I
388
I
I
I
I
I
I
I
I
I
I
I
I
I
I
I
I
I
184
172
I
I
I
I
I
274
236
I
163
I
I
I
I
318
I
I
I
I
I
I
I
I
I
I
74
I
I
I
I
I
U
I
283
I
356
73
I
I
I
I
I
I
I
I
345
I
I
I
I
292
386
I
I
I
I
I
258
347
I
I
I
I
I
I
I
I
I
I
343
I
384
I
I
I
I
I
I
192
318
I
134
I
I
I
I
I
I
I
I
I
I
I
I
I
I
I
I
I
I
I
I
I
I
232
I
I
I
I
I
I
I
I
I
291
I
I
I
132
269
I
212
I
I
I
I
I
I
I
I
I
I
I
I
I
I
I
I
I
I
56
I
I
I
179
178
I
I
I
I
I
I
82
I
I
I
I
I
I
I
I
I
I
I
I
I
I
I
I
I
I
I
179
406
I
I
I
I
I
205
I
I
160
242
I
I
I
I
I
I
I
I
I
182
I
I
344
79
I
I
I
I
246
I
I
I
I
I
I
I
42
I
I
I
I
I
I
I
I
I
I
I
I
I
I
I
I
I
I
131
I
I
I
I
I
I
I
I
I
I
I
I
I
I
I
I
I
I
I
I
388
I
I
I
I
I
I
I
I
I
I
I
I
I
I
I
I
137
I
I
I
195
I
I
I
202
I
I
410
271
I
I
I
361
201
I
I
I
I
I
I
I
I
I
I
I
I
I
I
I
I
I
I
I
I
I
I
I
I
I
I
I
I
I
I
I
I
I
I
I
I
I
398
I
I
314
I
I
I
I
I
I
251
I
212
I
I
I
I
I
I
I
I
I
312
I
I
I
I
I
I
I
I
I
I
I
I
I
I
I
I
I
I
I
87
I
I
18
I
372
I
I
I
I
I
I
I
I
I
169
I
I
379
I
405
I
I
349
I
I
I
359
I
226
I
I
I
U
I
I
I
I
I
I
I
I
I
156
446
334
I
I
I
I
I
I
I
I
324
I
I
130
I
I
I
I
I
I
72
I
290
I
429
I
408
I
I
275
I
I
I
I
I
44
I
I
I
172
I
I
I
I
I
I
I
I
I
I
I
I
I
I
I
I
41
I
383
I
I
I
I
369
I
I
I
I
I
I
203
I
I
I
I
U
75
I
156
161
I
I
I
I
I
I
I
I
I
I
122
I
199
I
I
I
I
I
122
161
I
264
I
230
I
I
415
I
I
I
I
I
I
I
I
I
I
I
I
I
I
I
I
I
I
248
I
I
I
I
I
I
I
411
I
I
I
I
74
I
I
I
I
I
I
I
I
I
I
I
I
I
I
I
192
172
I
I
I
I
I
I
I
I
I
I
I
I
I
75
244
I
I
I
344
261
I
I
103
I
I
I
222
I
I
I
I
I
266
I
I
421
I
I
I
I
I
I
I
I
I
I
I
I
I
I
I
I
443
I
I
I
54
I
I
I
I
I
I
I
I
74
I
I
I
I
I
I
I
I
I
I
I
I
I
I
I
132
406
154
I
I
I
I
I
I
I
I
I
I
I
I
I
I
348
I
206
I
I
I
I
I
I
I
277
I
I
I
I
I
I
I
I
I
I
I
347
I
196
I
I
I
I
I
I
I
U
I
0
I
I
I
I
I
I
I
I
I
I
I
I
I
I
197
I
I
I
I
227
245
I
191
I
249
I
I
296
I
I
I
I
I
I
I
I
I
I
I
I
I
I
I
I
319
I
I
I
I
I
I
I
I
307
I
407
U
I
I
U
I
I
I
I
I
I
I
I
I
I
I
I
I
I
68
I
I
I
311
I
98
386
I
I
I
I
I
I
I
U
I
I
286
I
I
I
I
I
I
I
I
I
I
I
I
443
I
I
I
I
I
325
I
I
236
I
I
I
109
I
I
I
I
I
I
I
I
I
I
398
I
I
I
205
I
139
I
I
I
I
I
I
I
I
I
I
I
I
I
I
I
I
I
I
I
I
I
319
I
I
I
I
I
I
I
I
I
I
I
94
I
I
193
I
I
I
I
I
I
I
I
I
I
I
I
I
I
I
I
I
I
I
45
I
I
I
I
I
I
I
I
I
368
I
I
I
I
I
I
I
162
I
I
I
I
I
284
I
I
I
I
I
303
I
303
I
133
I
239
I
I
I
I
I
393
331
I
305
I
I
I
I
244
I
I
I
I
I
I
I
I
I
I
I
I
257
I
I
I
392
134
I
I
I
I
I
394
I
I
I
I
I
I
I
277
I
I
I
I
I
I
79
I
I
233
I
212
323
I
I
I
I
148
I
I
I
I
I
356
I
I
I
I
I
191
I
I
187
I
I
48
I
I
408
I
I
I
I
341
I
I
I
I
I
I
I
I
I
I
I
I
200
I
I
I
74
265
298
96
I
I
I
I
I
I
I
182
I
I
I
I
343
I
312
I
I
I
281
323
I
I
I
100
I
I
346
I
I
I
I
I
I
I
I
I
I
I
225
I
I
293
I
I
264
I
I
I
I
I
I
I
I
282
I
195
I
I
I
I
I
I
I
I
402
I
112
I
I
I
I
I
I
248
I
I
I
I
I
I
237
I
I
I
I
I
236
347
I
I
326
I
I
I
179
I
I
I
I
I
I
306
193
I
I
I
I
I
I
I
I
I
I
I
I
287
I
I
184
I
I
I
I
I
I
431
I
I
I
I
I
I
I
I
I
I
I
I
I
I
I
I
303
I
I
I
348
I
406
I
I
I
372
I
I
I
I
73
93
I
I
I
I
I
208
I
I
248
I
I
I
I
I
I
I
I
I
I
I
I
I
72
I
I
I
I
I
I
I
I
I
I
I
I
I
I
I
I
188
I
I
I
I
I
I
I
43
I
421
I
220
I
43
I
I
I
I
I
I
I
I
220
I
I
I
I
I
I
U
290
