==10923== Memcheck, a memory error detector
==10923== Copyright (C) 2002-2011, and GNU GPL'd, by Julian Seward et al.
==10923== Using Valgrind-3.7.0 and LibVEX; rerun with -h for copyright info
==10923== Command: ../a.out
==10923== Parent PID: 8741
==10923== 
==10923== 
==10923== HEAP SUMMARY:
==10923==     in use at exit: 0 bytes in 0 blocks
==10923==   total heap usage: 4,053 allocs, 4,053 frees, 128,000 bytes allocated
==10923== 
==10923== All heap blocks were freed -- no leaks are possible
==10923== 
==10923== For counts of detected and suppressed errors, rerun with: -v
==10923== ERROR SUMMARY: 0 errors from 0 contexts (suppressed: 4 from 4)
